// Jest Snapshot v1, https://goo.gl/fbAQLP

exports[`Link should render correctly 1`] = `
.c0 {
  -webkit-text-decoration: none;
  text-decoration: none;
}

.c0:hover {
  -webkit-text-decoration: underline;
  text-decoration: underline;
  opacity: 0.8;
}

.c0:active {
  opacity: 0.4;
}

<div>
  <a
    class="c0"
    href="/test"
  >
    HeaderLink
  </a>
  ,
</div>
`;
