// Jest Snapshot v1, https://goo.gl/fbAQLP

exports[`Filter Bar should match snapshot 1`] = `
Object {
  "asFragment": [Function],
  "baseElement": .c1 {
  border-radius: 8px;
  height: 48px;
  font-size: 16px;
  padding: 12px 24px;
  -webkit-transition: 0.1s;
  transition: 0.1s;
  border: 1.5px solid #04b0f4;
  background-color: white;
  color: #04b0f4;
}

.c1:disabled {
  border-color: #c0bfcb;
  color: #c0bfcb;
}

.c1:hover:enabled {
  cursor: pointer;
  color: white;
  background-color: #04b0f4;
}

.c1:active:enabled {
  color: white;
  background-color: #137ca5;
  border-color: #137ca5;
}

.c2 {
  border-radius: 8px;
  height: 48px;
  font-size: 16px;
  padding: 12px 24px;
  -webkit-transition: 0.1s;
  transition: 0.1s;
  border: 1.5px solid #fca408;
  background-color: white;
  color: #fca408;
}

.c2:disabled {
  border-color: #c0bfcb;
  color: #c0bfcb;
}

.c2:hover:enabled {
  cursor: pointer;
  color: white;
  background-color: #fca408;
}

.c2:active:enabled {
  color: white;
  background-color: #b27508;
  border-color: #b27508;
}

.c0 {
  background: white;
  border-radius: 8px;
  padding: 24px;
  box-shadow: 0px 0px 20px 0px lightgrey;
  width: 100%;
  display: -webkit-box;
  display: -webkit-flex;
  display: -ms-flexbox;
  display: flex;
  -webkit-box-pack: justify;
  -webkit-justify-content: space-between;
  -ms-flex-pack: justify;
  justify-content: space-between;
}

.c0 input {
  height: 40px;
  border-radius: 8px;
  border: 1px solid lightgray;
  padding-left: 12px;
  padding-right: 12px;
}

.c0 select {
  height: 40px;
  border-radius: 8px;
  border: 1px solid lightgray;
  padding-left: 12px;
  padding-right: 12px;
  cursor: pointer;
}

.c0 option {
  font-weight: normal;
  cursor: pointer;
  text-align: center;
}

.c0 option:checked {
  font-weight: bold;
  cursor: pointer;
  background-color: white;
}

.c0 button {
  height: 40px;
}

<body>
    <div>
      <div
        class="c0"
      >
        <input
          placeholder="Nombre"
          value=""
        />
        <input
          placeholder="Razon social"
          value=""
        />
        <input
          placeholder="RUT"
          value=""
        />
        <select>
          <option
            disabled=""
            value=""
          >
            Score
          </option>
          <option
            value="1"
          >
            1
          </option>
          <option
            value="2"
          >
            2
          </option>
          <option
            value="3"
          >
            3
          </option>
          <option
            value="4"
          >
            4
          </option>
          <option
            value="5"
          >
            5
          </option>
          <option
            value="6"
          >
            6
          </option>
          <option
            value="7"
          >
            7
          </option>
          <option
            value="8"
          >
            8
          </option>
          <option
            value="9"
          >
            9
          </option>
          <option
            value="10"
          >
            10
          </option>
        </select>
        <select>
          <option
            disabled=""
            value=""
          >
            Rubro
          </option>
          <option
            value="Cat 1"
          >
            Cat 1
          </option>
          <option
            value="Cat 2"
          >
            Cat 2
          </option>
        </select>
        <div
          style="gap: 8px; display: flex;"
        >
          <button
            action="secondary"
            class="c1"
            type="submit"
          >
            Limpiar
          </button>
          <button
            action="primary"
            class="c2"
            disabled=""
            type="submit"
          >
            Buscar
          </button>
        </div>
      </div>
    </div>
  </body>,
  "container": .c1 {
  border-radius: 8px;
  height: 48px;
  font-size: 16px;
  padding: 12px 24px;
  -webkit-transition: 0.1s;
  transition: 0.1s;
  border: 1.5px solid #04b0f4;
  background-color: white;
  color: #04b0f4;
}

.c1:disabled {
  border-color: #c0bfcb;
  color: #c0bfcb;
}

.c1:hover:enabled {
  cursor: pointer;
  color: white;
  background-color: #04b0f4;
}

.c1:active:enabled {
  color: white;
  background-color: #137ca5;
  border-color: #137ca5;
}

.c2 {
  border-radius: 8px;
  height: 48px;
  font-size: 16px;
  padding: 12px 24px;
  -webkit-transition: 0.1s;
  transition: 0.1s;
  border: 1.5px solid #fca408;
  background-color: white;
  color: #fca408;
}

.c2:disabled {
  border-color: #c0bfcb;
  color: #c0bfcb;
}

.c2:hover:enabled {
  cursor: pointer;
  color: white;
  background-color: #fca408;
}

.c2:active:enabled {
  color: white;
  background-color: #b27508;
  border-color: #b27508;
}

.c0 {
  background: white;
  border-radius: 8px;
  padding: 24px;
  box-shadow: 0px 0px 20px 0px lightgrey;
  width: 100%;
  display: -webkit-box;
  display: -webkit-flex;
  display: -ms-flexbox;
  display: flex;
  -webkit-box-pack: justify;
  -webkit-justify-content: space-between;
  -ms-flex-pack: justify;
  justify-content: space-between;
}

.c0 input {
  height: 40px;
  border-radius: 8px;
  border: 1px solid lightgray;
  padding-left: 12px;
  padding-right: 12px;
}

.c0 select {
  height: 40px;
  border-radius: 8px;
  border: 1px solid lightgray;
  padding-left: 12px;
  padding-right: 12px;
  cursor: pointer;
}

.c0 option {
  font-weight: normal;
  cursor: pointer;
  text-align: center;
}

.c0 option:checked {
  font-weight: bold;
  cursor: pointer;
  background-color: white;
}

.c0 button {
  height: 40px;
}

<div>
    <div
      class="c0"
    >
      <input
        placeholder="Nombre"
        value=""
      />
      <input
        placeholder="Razon social"
        value=""
      />
      <input
        placeholder="RUT"
        value=""
      />
      <select>
        <option
          disabled=""
          value=""
        >
          Score
        </option>
        <option
          value="1"
        >
          1
        </option>
        <option
          value="2"
        >
          2
        </option>
        <option
          value="3"
        >
          3
        </option>
        <option
          value="4"
        >
          4
        </option>
        <option
          value="5"
        >
          5
        </option>
        <option
          value="6"
        >
          6
        </option>
        <option
          value="7"
        >
          7
        </option>
        <option
          value="8"
        >
          8
        </option>
        <option
          value="9"
        >
          9
        </option>
        <option
          value="10"
        >
          10
        </option>
      </select>
      <select>
        <option
          disabled=""
          value=""
        >
          Rubro
        </option>
        <option
          value="Cat 1"
        >
          Cat 1
        </option>
        <option
          value="Cat 2"
        >
          Cat 2
        </option>
      </select>
      <div
        style="gap: 8px; display: flex;"
      >
        <button
          action="secondary"
          class="c1"
          type="submit"
        >
          Limpiar
        </button>
        <button
          action="primary"
          class="c2"
          disabled=""
          type="submit"
        >
          Buscar
        </button>
      </div>
    </div>
  </div>,
  "debug": [Function],
  "findAllByAltText": [Function],
  "findAllByDisplayValue": [Function],
  "findAllByLabelText": [Function],
  "findAllByPlaceholderText": [Function],
  "findAllByRole": [Function],
  "findAllByTestId": [Function],
  "findAllByText": [Function],
  "findAllByTitle": [Function],
  "findByAltText": [Function],
  "findByDisplayValue": [Function],
  "findByLabelText": [Function],
  "findByPlaceholderText": [Function],
  "findByRole": [Function],
  "findByTestId": [Function],
  "findByText": [Function],
  "findByTitle": [Function],
  "getAllByAltText": [Function],
  "getAllByDisplayValue": [Function],
  "getAllByLabelText": [Function],
  "getAllByPlaceholderText": [Function],
  "getAllByRole": [Function],
  "getAllByTestId": [Function],
  "getAllByText": [Function],
  "getAllByTitle": [Function],
  "getByAltText": [Function],
  "getByDisplayValue": [Function],
  "getByLabelText": [Function],
  "getByPlaceholderText": [Function],
  "getByRole": [Function],
  "getByTestId": [Function],
  "getByText": [Function],
  "getByTitle": [Function],
  "queryAllByAltText": [Function],
  "queryAllByDisplayValue": [Function],
  "queryAllByLabelText": [Function],
  "queryAllByPlaceholderText": [Function],
  "queryAllByRole": [Function],
  "queryAllByTestId": [Function],
  "queryAllByText": [Function],
  "queryAllByTitle": [Function],
  "queryByAltText": [Function],
  "queryByDisplayValue": [Function],
  "queryByLabelText": [Function],
  "queryByPlaceholderText": [Function],
  "queryByRole": [Function],
  "queryByTestId": [Function],
  "queryByText": [Function],
  "queryByTitle": [Function],
  "rerender": [Function],
  "unmount": [Function],
}
`;
