// Jest Snapshot v1, https://goo.gl/fbAQLP

exports[`Employee Data renders employee data correctly 1`] = `
.c1 {
  display: -webkit-box;
  display: -webkit-flex;
  display: -ms-flexbox;
  display: flex;
  border-radius: 20px;
  border: 1px solid var(--greyscale-colors-white,#fff);
  background: rgba(255,255,255,0.25);
  -webkit-backdrop-filter: blur(5px);
  backdrop-filter: blur(5px);
  padding: 20px;
  -webkit-flex-direction: column;
  -ms-flex-direction: column;
  flex-direction: column;
  -webkit-align-items: center;
  -webkit-box-align: center;
  -ms-flex-align: center;
  align-items: center;
  width: 100%;
  z-index: 2;
}

.c3 {
  gap: 15px;
  display: -webkit-box;
  display: -webkit-flex;
  display: -ms-flexbox;
  display: flex;
  -webkit-flex-direction: column;
  -ms-flex-direction: column;
  flex-direction: column;
  -webkit-align-items: center;
  -webkit-box-align: center;
  -ms-flex-align: center;
  align-items: center;
}

.c0 {
  display: -webkit-box;
  display: -webkit-flex;
  display: -ms-flexbox;
  display: flex;
  -webkit-box-pack: center;
  -webkit-justify-content: center;
  -ms-flex-pack: center;
  justify-content: center;
  -webkit-align-items: center;
  -webkit-box-align: center;
  -ms-flex-align: center;
  align-items: center;
  position: relative;
  width: 100%;
}

.c0 span {
  text-align: start;
  font-size: 16px;
  font-style: normal;
  font-weight: 400;
  line-height: normal;
}

.c4 {
  display: -webkit-box;
  display: -webkit-flex;
  display: -ms-flexbox;
  display: flex;
  box-shadow: none;
  padding: 0px;
  -webkit-align-items: center;
  -webkit-box-align: center;
  -ms-flex-align: center;
  align-items: center;
  margin: 0px;
  -webkit-flex-direction: column;
  -ms-flex-direction: column;
  flex-direction: column;
}

.c4 h2 {
  font-size: 28px;
  font-style: normal;
  font-weight: 700;
  line-height: normal;
  text-transform: capitalize;
  margin: 0px;
}

.c5 {
  display: -webkit-box;
  display: -webkit-flex;
  display: -ms-flexbox;
  display: flex;
  box-shadow: none;
  padding: 0px;
  -webkit-align-items: center;
  -webkit-box-align: center;
  -ms-flex-align: center;
  align-items: center;
  margin: 0px;
  -webkit-flex-direction: column;
  -ms-flex-direction: column;
  flex-direction: column;
}

.c5 h2 {
  font-size: 28px;
  font-style: normal;
  font-weight: 700;
  line-height: normal;
  text-transform: capitalize;
  margin: 0px;
}

.c2 {
  display: -webkit-box;
  display: -webkit-flex;
  display: -ms-flexbox;
  display: flex;
  object-fit: cover;
  height: 122px;
  width: 122px;
  border-radius: 350px;
}

.c6 {
  position: absolute;
  height: 98px;
  width: 93px;
  z-index: -1;
  right: 5px;
  top: -50px;
}

.c7 {
  position: absolute;
  height: 84px;
  width: 78px;
  z-index: -1;
  right: 32px;
  bottom: -32px;
}

@media (min-width:768px) {
  .c1 {
    gap: 15px;
  }
}

@media (min-width:1280px) {
  .c1 {
    -webkit-flex-direction: row;
    -ms-flex-direction: row;
    flex-direction: row;
    padding: 40px;
    gap: 25px;
  }
}

@media (min-width:768px) {
  .c3 {
    -webkit-align-items: center;
    -webkit-box-align: center;
    -ms-flex-align: center;
    align-items: center;
  }
}

@media (min-width:1280px) {
  .c3 {
    -webkit-flex-direction: row;
    -ms-flex-direction: row;
    flex-direction: row;
    width: 100%;
    -webkit-box-pack: justify;
    -webkit-justify-content: space-between;
    -ms-flex-pack: justify;
    justify-content: space-between;
  }
}

@media (min-width:1280px) {
  .c4 {
    -webkit-align-items: flex-start;
    -webkit-box-align: flex-start;
    -ms-flex-align: flex-start;
    align-items: flex-start;
    gap: 10px;
  }
}

@media (min-width:1280px) {
  .c5 {
    -webkit-align-items: flex-end;
    -webkit-box-align: flex-end;
    -ms-flex-align: flex-end;
    align-items: flex-end;
    gap: 10px;
  }
}

@media (min-width:768px) {
  .c6 {
    bottom: -35px;
    right: 20px;
    top: auto;
  }
}

@media (min-width:1280px) {
  .c6 {
    bottom: -24px;
    left: -60px;
  }
}

@media (min-width:768px) {
  .c7 {
    left: 20px;
    top: -25px;
  }
}

@media (min-width:1280px) {
  .c7 {
    left: auto;
    top: -15px;
    right: -55px;
  }
}

<div>
  <div
    class="c0"
  >
    <div
      class="c1"
    >
      <img
        alt="User pic"
        class="c2"
        src="employees/erosselli.png"
        type="profile"
      />
      <div
        class="c3"
      >
        <div
          class="c4"
        >
          <h2>
            Eliana Rosselli
          </h2>
          <span>
            Working at üêô since: 
            31 October 2014
          </span>
        </div>
        <div
          class="c5"
        >
          <span>
            üéÇ 02/07/2020
          </span>
          <span>
            üìç Montevideo
          </span>
        </div>
      </div>
    </div>
    <img
      alt="Ball"
      class="c6"
      color="white"
      height="98"
      src="white-ball.svg"
      type="profile-ball"
      width="93"
    />
    <img
      alt="Ball"
      class="c7"
      color="blue"
      height="84"
      src="blue-ball.svg"
      type="profile-ball"
      width="78"
    />
  </div>
</div>
`;
