// Jest Snapshot v1, https://goo.gl/fbAQLP

exports[`Test render Card 1`] = `
.c0 {
  border-radius: 4px;
  display: -webkit-box;
  display: -webkit-flex;
  display: -ms-flexbox;
  display: flex;
  padding: 10px;
  -webkit-transition: 0.2s background-color ease-in-out;
  transition: 0.2s background-color ease-in-out;
  -webkit-text-decoration: none;
  text-decoration: none;
}

.c0 img {
  width: 28px;
  border-radius: 50%;
  margin-right: 12px;
}

.c0 a {
  -webkit-text-decoration: none;
  text-decoration: none;
  display: -webkit-box;
  display: -webkit-flex;
  display: -ms-flexbox;
  display: flex;
  -webkit-align-items: center;
  -webkit-box-align: center;
  -ms-flex-align: center;
  align-items: center;
  font-size: 18px;
  -webkit-transition: 0.2s;
  transition: 0.2s;
}

.c0 a:hover {
  color: #c70548;
}

.c0:active a {
  color: #fca408;
}

<div>
  <div
    class="c0"
  >
    <a
      href="/profile/3"
      id="user-3"
    >
      <img
        aria-labelledby="user-3"
        src="https://brand.octobot.io/images/Octobot_Mark_Mono_Positive-p-500.jpeg"
      />
      Pepocho Tent√°culos
    </a>
  </div>
</div>
`;
