// Jest Snapshot v1, https://goo.gl/fbAQLP

exports[`Filter Bar should match snapshot 1`] = `
Object {
  "asFragment": [Function],
  "baseElement": .c1 {
  display: -webkit-box;
  display: -webkit-flex;
  display: -ms-flexbox;
  display: flex;
  background: white;
  border-radius: 8px;
  padding: 24px;
  box-shadow: 0px 0px 20px 0px lightgrey;
  -webkit-flex: 1;
  -ms-flex: 1;
  flex: 1;
  -webkit-align-items: center;
  -webkit-box-align: center;
  -ms-flex-align: center;
  align-items: center;
  -webkit-flex-direction: column;
  -ms-flex-direction: column;
  flex-direction: column;
  -webkit-box-pack: justify;
  -webkit-justify-content: space-between;
  -ms-flex-pack: justify;
  justify-content: space-between;
}

.c1 img {
  max-width: 180px;
  max-height: 140px;
  margin: 16px;
}

.c0 {
  display: grid;
  width: 100%;
  gap: 16px;
  grid-template-columns: 1fr;
}

.c3 {
  border-radius: 8px;
  height: 48px;
  font-size: 16px;
  padding: 12px 24px;
  -webkit-transition: 0.1s;
  transition: 0.1s;
  border: 1.5px solid #fca408;
  background-color: white;
  color: #fca408;
}

.c3:disabled {
  border-color: #c0bfcb;
  color: #c0bfcb;
}

.c3:hover:enabled {
  cursor: pointer;
  color: white;
  background-color: #fca408;
}

.c3:active:enabled {
  color: white;
  background-color: #b27508;
  border-color: #b27508;
}

.c2 {
  display: -webkit-box;
  display: -webkit-flex;
  display: -ms-flexbox;
  display: flex;
  -webkit-flex-direction: column;
  -ms-flex-direction: column;
  flex-direction: column;
  -webkit-align-items: center;
  -webkit-box-align: center;
  -ms-flex-align: center;
  align-items: center;
}

.c2 button {
  margin-top: 12px;
}

@media (min-width:768px) {
  .c0 {
    grid-template-columns: 1fr 1fr 1fr;
  }
}

<body>
    <div>
      <div
        class="c0"
      >
        <div
          class="c1"
        >
          <h3>
            Canal 10
          </h3>
          <img
            alt="Canal 10 Logo"
            src="https://upload.wikimedia.org/wikipedia/commons/thumb/c/c8/Canal_10_Uruguay_Logo_1960.webp/640px-Canal_10_Uruguay_Logo_1960.webp.png"
          />
          <div
            class="c2"
          >
            <span>
              Score: 
              9
            </span>
            <span>
              Razon Social: 
              CANAL 10 S.A.
            </span>
            <span>
              RUT: 
              734879753738964
            </span>
            <button
              action="primary"
              class="c3"
              disabled=""
            >
              Ver perfil de proveedor
            </button>
          </div>
        </div>
        <div
          class="c1"
        >
          <h3>
            Canal 4
          </h3>
          <img
            alt="Canal 4 Logo"
            src="https://upload.wikimedia.org/wikipedia/commons/3/33/Canal4_uy.png"
          />
          <div
            class="c2"
          >
            <span>
              Score: 
              6
            </span>
            <span>
              Razon Social: 
              CANAL 4 S.A.
            </span>
            <span>
              RUT: 
              633334234363643
            </span>
            <button
              action="primary"
              class="c3"
              disabled=""
            >
              Ver perfil de proveedor
            </button>
          </div>
        </div>
      </div>
    </div>
  </body>,
  "container": .c1 {
  display: -webkit-box;
  display: -webkit-flex;
  display: -ms-flexbox;
  display: flex;
  background: white;
  border-radius: 8px;
  padding: 24px;
  box-shadow: 0px 0px 20px 0px lightgrey;
  -webkit-flex: 1;
  -ms-flex: 1;
  flex: 1;
  -webkit-align-items: center;
  -webkit-box-align: center;
  -ms-flex-align: center;
  align-items: center;
  -webkit-flex-direction: column;
  -ms-flex-direction: column;
  flex-direction: column;
  -webkit-box-pack: justify;
  -webkit-justify-content: space-between;
  -ms-flex-pack: justify;
  justify-content: space-between;
}

.c1 img {
  max-width: 180px;
  max-height: 140px;
  margin: 16px;
}

.c0 {
  display: grid;
  width: 100%;
  gap: 16px;
  grid-template-columns: 1fr;
}

.c3 {
  border-radius: 8px;
  height: 48px;
  font-size: 16px;
  padding: 12px 24px;
  -webkit-transition: 0.1s;
  transition: 0.1s;
  border: 1.5px solid #fca408;
  background-color: white;
  color: #fca408;
}

.c3:disabled {
  border-color: #c0bfcb;
  color: #c0bfcb;
}

.c3:hover:enabled {
  cursor: pointer;
  color: white;
  background-color: #fca408;
}

.c3:active:enabled {
  color: white;
  background-color: #b27508;
  border-color: #b27508;
}

.c2 {
  display: -webkit-box;
  display: -webkit-flex;
  display: -ms-flexbox;
  display: flex;
  -webkit-flex-direction: column;
  -ms-flex-direction: column;
  flex-direction: column;
  -webkit-align-items: center;
  -webkit-box-align: center;
  -ms-flex-align: center;
  align-items: center;
}

.c2 button {
  margin-top: 12px;
}

@media (min-width:768px) {
  .c0 {
    grid-template-columns: 1fr 1fr 1fr;
  }
}

<div>
    <div
      class="c0"
    >
      <div
        class="c1"
      >
        <h3>
          Canal 10
        </h3>
        <img
          alt="Canal 10 Logo"
          src="https://upload.wikimedia.org/wikipedia/commons/thumb/c/c8/Canal_10_Uruguay_Logo_1960.webp/640px-Canal_10_Uruguay_Logo_1960.webp.png"
        />
        <div
          class="c2"
        >
          <span>
            Score: 
            9
          </span>
          <span>
            Razon Social: 
            CANAL 10 S.A.
          </span>
          <span>
            RUT: 
            734879753738964
          </span>
          <button
            action="primary"
            class="c3"
            disabled=""
          >
            Ver perfil de proveedor
          </button>
        </div>
      </div>
      <div
        class="c1"
      >
        <h3>
          Canal 4
        </h3>
        <img
          alt="Canal 4 Logo"
          src="https://upload.wikimedia.org/wikipedia/commons/3/33/Canal4_uy.png"
        />
        <div
          class="c2"
        >
          <span>
            Score: 
            6
          </span>
          <span>
            Razon Social: 
            CANAL 4 S.A.
          </span>
          <span>
            RUT: 
            633334234363643
          </span>
          <button
            action="primary"
            class="c3"
            disabled=""
          >
            Ver perfil de proveedor
          </button>
        </div>
      </div>
    </div>
  </div>,
  "debug": [Function],
  "findAllByAltText": [Function],
  "findAllByDisplayValue": [Function],
  "findAllByLabelText": [Function],
  "findAllByPlaceholderText": [Function],
  "findAllByRole": [Function],
  "findAllByTestId": [Function],
  "findAllByText": [Function],
  "findAllByTitle": [Function],
  "findByAltText": [Function],
  "findByDisplayValue": [Function],
  "findByLabelText": [Function],
  "findByPlaceholderText": [Function],
  "findByRole": [Function],
  "findByTestId": [Function],
  "findByText": [Function],
  "findByTitle": [Function],
  "getAllByAltText": [Function],
  "getAllByDisplayValue": [Function],
  "getAllByLabelText": [Function],
  "getAllByPlaceholderText": [Function],
  "getAllByRole": [Function],
  "getAllByTestId": [Function],
  "getAllByText": [Function],
  "getAllByTitle": [Function],
  "getByAltText": [Function],
  "getByDisplayValue": [Function],
  "getByLabelText": [Function],
  "getByPlaceholderText": [Function],
  "getByRole": [Function],
  "getByTestId": [Function],
  "getByText": [Function],
  "getByTitle": [Function],
  "queryAllByAltText": [Function],
  "queryAllByDisplayValue": [Function],
  "queryAllByLabelText": [Function],
  "queryAllByPlaceholderText": [Function],
  "queryAllByRole": [Function],
  "queryAllByTestId": [Function],
  "queryAllByText": [Function],
  "queryAllByTitle": [Function],
  "queryByAltText": [Function],
  "queryByDisplayValue": [Function],
  "queryByLabelText": [Function],
  "queryByPlaceholderText": [Function],
  "queryByRole": [Function],
  "queryByTestId": [Function],
  "queryByText": [Function],
  "queryByTitle": [Function],
  "rerender": [Function],
  "unmount": [Function],
}
`;
